STR
Hello, world
QUESTION
IDN
a
COLON
QUESTION
IDN
b
COLON
IDN
proj
CARET
IDN
a
WAVE
IDN
b
COLON
IDN
arr
CARET
IDN
num
WAVE
IDN
a
COLON
IDN
index
CARET
IDN
num
COLON
IDN
proj
L_PRN
IDN
arr
IDN
index
R_PRN
IDN
a
CARET
IDN
num
COLON
IDN
b
CARET
IDN
num
COLON
IDN
c
CARET
IDN
num
COLON
REF
num/add
PIPE
IDN
add
CARET
IDN
auto
COLON
REF
num/sub
PIPE
IDN
sub
CARET
IDN
auto
COLON
REF
num/mul
PIPE
IDN
mul
CARET
IDN
auto
COLON
REF
num/div
PIPE
IDN
div
CARET
IDN
auto
COLON
REF
num/sqrt
PIPE
IDN
sqrt
CARET
IDN
auto
COLON
IDN
div
L_PRN
IDN
a
PIPE
IDN
add
IDN
b
PIPE
IDN
add
IDN
c
R_PRN
NUM
2
PIPE
IDN
p
CARET
IDN
num
COLON
IDN
sqrt
L_PRN
IDN
p
PIPE
IDN
mul
L_PRN
IDN
sub
IDN
a
IDN
p
R_PRN
PIPE
IDN
mul
L_PRN
IDN
sub
IDN
b
IDN
p
R_PRN
PIPE
IDN
mul
L_PRN
IDN
sub
IDN
c
IDN
p
R_PRN
R_PRN
IDN
limit
CARET
IDN
num
COLON
QUESTION
IDN
a
COLON
IDN
array
CARET
IDN
num
WAVE
IDN
a
COLON
IDN
index
CARET
IDN
num
COLON
L_PRN
R_PRN
PIPE
IDN
for
L_PRN
REF
num/lt
IDN
limit
IDN
num
R_PRN
L_PRN
IDN
array
IDN
index
R_PRN
IDN
drop-items
CARET
IDN
num
COLON
QUESTION
IDN
a
COLON
IDN
array
CARET
IDN
num
WAVE
IDN
a
COLON
IDN
index
CARET
IDN
num
COLON
L_PRN
R_PRN
PIPE
IDN
for
L_PRN
REF
num/gte
NUM
0
IDN
num
R_PRN
L_PRN
IDN
array
L_PRN
REF
num/sub
IDN
drop-items
IDN
index
R_PRN
R_PRN
STR
 fdafahwlnva 
	a ldkfasd 32823423$52o42934nm, na0-  ==='; a pOIJA I[ jd ndi jh vndhf skjs ad fwe fh;og'glg;j j'';jj'j'"""Jd }{
FEOF
