NUM
12.3
STR
Hold it!
IDN
param
CARET
IDN
num
COLON
IDN
add
NUM
1
IDN
param
IDN
abs
NUM
-124
NUM
-124
PIPE
IDN
abs
L_BRK
NUM
2
COMMA
NUM
4
COMMA
NUM
8
R_BRK
QUESTION
IDN
a
COLON
IDN
elem
CARET
IDN
a
COLON
L_BRK
IDN
elem
R_BRK
L_PRN
IDN
abs
NUM
-990
R_PRN
FEOF
