LT
NUM
1
IDN
百度一98下ssafd，你57就知道
STR
dfowernc
LT
NUM
24
ET
STR
Objection!
GT
IDN
_66-90
NUM
-89
IDN
a_百度
NUM
28
FEOF
